// Jest Snapshot v1, https://goo.gl/fbAQLP

exports[`ContentComponent should render correctly 1`] = `
<div
  className="col-10 d-flex flex-column align-self-center align-items-center justify-content-center p-0"
/>
`;
