// Jest Snapshot v1, https://goo.gl/fbAQLP

exports[`LearnwordsComponent should render correctly 1`] = `
<ContentComponent>
  <h2>
    Learn words
  </h2>
  <h4>
    No words to learn.
  </h4>
</ContentComponent>
`;
