// Jest Snapshot v1, https://goo.gl/fbAQLP

exports[`NavItemComponent should render correctly 1`] = `
<NavItem
  className="active"
  tag="li"
>
  <NavLink
    tag={[Function]}
    to=""
  />
</NavItem>
`;
